[21:32:42] === 手写笔记生成开始（v2 管线）===
[21:32:43] 依赖检查通过（python3 / wkhtmltopdf / 全部 Python 模块）
[21:32:43] 水印: assets/cs_watermark.png
[21:32:43] 待转换 5 份: 笔记/示例笔记.md 笔记/唐诗宋词选.md 笔记/英文名著节选.md 笔记/中文古文节选.md 笔记/C++面向对象基础.md
[21:32:43] [ INFO] +  0.0s 开始转换: 示例笔记.md
[21:32:44] [ INFO] +  0.8s 字形 63 个（唯一图片 60），行 5，缺字跳过 0
[21:32:44] [ INFO] +  1.6s 首遍渲染 1 页
[21:32:45] [ INFO] +  2.6s 渲染 1 页，图像对象 130，背景条 4
[21:32:45] [ INFO] +  2.6s 水印与页码盖印完成
[21:32:45] [ INFO] +  2.6s 已清理字形临时文件 60 个
[21:32:45] [ INFO] +  2.6s ✓ 示例笔记.md -> /home/zz/Desktop/ROS/class/handwrite-notes/手写版/示例笔记（手写版）.pdf
[21:32:45] [ INFO] +  2.6s 开始转换: 唐诗宋词选.md
[21:32:47] [ INFO] +  4.5s 字形 221 个（唯一图片 187），行 15，缺字跳过 0
[21:32:48] [ INFO] +  5.5s 首遍渲染 2 页
[21:32:50] [ INFO] +  7.2s 渲染 2 页，图像对象 450，背景条 8
[21:32:50] [ INFO] +  7.3s 水印与页码盖印完成
[21:32:50] [ INFO] +  7.3s 已清理字形临时文件 187 个
[21:32:50] [ INFO] +  7.3s ✓ 唐诗宋词选.md -> /home/zz/Desktop/ROS/class/handwrite-notes/手写版/唐诗宋词选（手写版）.pdf
[21:32:50] [ INFO] +  7.3s 开始转换: 英文名著节选.md
[21:32:53] [ INFO] + 10.1s 字形 276 个（唯一图片 192），行 26，缺字跳过 0
[21:32:54] [ INFO] + 11.2s 首遍渲染 2 页
[21:32:56] [ INFO] + 13.1s 渲染 2 页，图像对象 560，背景条 10
[21:32:56] [ INFO] + 13.2s 水印与页码盖印完成
[21:32:56] [ INFO] + 13.2s 已清理字形临时文件 192 个
[21:32:56] [ INFO] + 13.2s ✓ 英文名著节选.md -> /home/zz/Desktop/ROS/class/handwrite-notes/手写版/英文名著节选（手写版）.pdf
[21:32:56] [ INFO] + 13.2s 开始转换: 中文古文节选.md
[21:32:58] [ INFO] + 15.6s 字形 305 个（唯一图片 250），行 18，缺字跳过 0
[21:32:59] [ INFO] + 16.7s 首遍渲染 2 页
[21:33:01] [ INFO] + 18.5s 渲染 2 页，图像对象 650，背景条 8
[21:33:01] [ INFO] + 18.7s 水印与页码盖印完成
[21:33:01] [ INFO] + 18.7s 已清理字形临时文件 250 个
[21:33:01] [ INFO] + 18.7s ✓ 中文古文节选.md -> /home/zz/Desktop/ROS/class/handwrite-notes/手写版/中文古文节选（手写版）.pdf
[21:33:01] [ INFO] + 18.7s 开始转换: C++面向对象基础.md
[21:33:08] [ INFO] + 25.5s 字形 1413 个（唯一图片 707），行 80，缺字跳过 0
[21:33:10] [ INFO] + 27.6s 首遍渲染 5 页
[21:33:15] [ INFO] + 32.0s 渲染 5 页，图像对象 2896，背景条 20
[21:33:15] [ INFO] + 32.4s 水印与页码盖印完成
[21:33:15] [ INFO] + 32.4s 已清理字形临时文件 707 个
[21:33:15] [ INFO] + 32.4s ✓ C++面向对象基础.md -> /home/zz/Desktop/ROS/class/handwrite-notes/手写版/C++面向对象基础（手写版）.pdf
[21:33:15] [ INFO] + 32.4s === 结束: 成功 5/5，总耗时 32.4s ===
[21:33:15] === 完成 ===
[21:33:15] 输出 5 份 PDF:
[21:33:15]   手写版/示例笔记（手写版）.pdf
[21:33:15]   手写版/唐诗宋词选（手写版）.pdf
[21:33:15]   手写版/英文名著节选（手写版）.pdf
[21:33:15]   手写版/中文古文节选（手写版）.pdf
[21:33:15]   手写版/C++面向对象基础（手写版）.pdf
[21:33:15] 完整日志: logs/generate_20261003_213242.log
