[18:47:18] === 手写笔记生成开始（v2 管线）===
[18:47:18] 依赖检查通过（python3 / wkhtmltopdf / 全部 Python 模块）
[18:47:18] 水印: assets/cs_watermark.png
[18:47:18] 待转换 5 份: 笔记/示例笔记.md 笔记/唐诗宋词选.md 笔记/英文名著节选.md 笔记/中文古文节选.md 笔记/C++面向对象基础.md
[18:47:18] [ INFO] +  0.0s 开始转换: 示例笔记.md
[18:47:19] [ INFO] +  0.8s 字形 63 个（缺字回退 0），行数 7
[18:47:19] [ INFO] +  1.6s 首遍渲染 1 页，阴影带 14 条
[18:47:20] [ INFO] +  2.6s 水印与页码盖印完成
[18:47:20] [ INFO] +  2.6s ✓ 示例笔记.md -> /home/zz/Desktop/ROS/class/handwrite-notes/手写版/示例笔记（手写版）.pdf
[18:47:20] [ INFO] +  2.6s 开始转换: 唐诗宋词选.md
[18:47:22] [ INFO] +  4.6s 字形 221 个（缺字回退 0），行数 19
[18:47:23] [ INFO] +  5.6s 首遍渲染 2 页，阴影带 15 条
[18:47:25] [ INFO] +  7.4s 水印与页码盖印完成
[18:47:25] [ INFO] +  7.4s ✓ 唐诗宋词选.md -> /home/zz/Desktop/ROS/class/handwrite-notes/手写版/唐诗宋词选（手写版）.pdf
[18:47:25] [ INFO] +  7.4s 开始转换: 英文名著节选.md
[18:47:29] [ INFO] + 10.8s 字形 276 个（缺字回退 0），行数 28
[18:47:30] [ INFO] + 12.0s 首遍渲染 2 页，阴影带 5 条
[18:47:32] [ INFO] + 14.1s 水印与页码盖印完成
[18:47:32] [ INFO] + 14.1s ✓ 英文名著节选.md -> /home/zz/Desktop/ROS/class/handwrite-notes/手写版/英文名著节选（手写版）.pdf
[18:47:32] [ INFO] + 14.1s 开始转换: 中文古文节选.md
[18:47:35] [ INFO] + 17.0s 字形 305 个（缺字回退 0），行数 22
[18:47:36] [ INFO] + 18.6s 首遍渲染 2 页，阴影带 14 条
[18:47:39] [ INFO] + 20.7s 水印与页码盖印完成
[18:47:39] [ INFO] + 20.7s ✓ 中文古文节选.md -> /home/zz/Desktop/ROS/class/handwrite-notes/手写版/中文古文节选（手写版）.pdf
[18:47:39] [ INFO] + 20.7s 开始转换: C++面向对象基础.md
[18:47:51] [ INFO] + 33.6s 字形 1413 个（缺字回退 0），行数 100
[18:47:55] [ INFO] + 37.2s 首遍渲染 5 页，阴影带 12 条
[18:48:02] [ INFO] + 44.1s 水印与页码盖印完成
[18:48:02] [ INFO] + 44.1s ✓ C++面向对象基础.md -> /home/zz/Desktop/ROS/class/handwrite-notes/手写版/C++面向对象基础（手写版）.pdf
[18:48:02] [ INFO] + 44.1s === 结束: 成功 5/5，总耗时 44.1s ===
[18:48:02] === 完成 ===
[18:48:02] 输出 5 份 PDF:
[18:48:02]   手写版/示例笔记（手写版）.pdf
[18:48:02]   手写版/唐诗宋词选（手写版）.pdf
[18:48:02]   手写版/英文名著节选（手写版）.pdf
[18:48:02]   手写版/中文古文节选（手写版）.pdf
[18:48:02]   手写版/C++面向对象基础（手写版）.pdf
[18:48:02] 完整日志: logs/generate_20261003_184718.log
