[20:15:00] === 手写笔记生成开始（v2 管线）===
[20:15:00] 依赖检查通过（python3 / wkhtmltopdf / 全部 Python 模块）
[20:15:00] 水印: assets/cs_watermark.png
[20:15:00] 待转换 5 份: 笔记/示例笔记.md 笔记/唐诗宋词选.md 笔记/英文名著节选.md 笔记/中文古文节选.md 笔记/C++面向对象基础.md
[20:15:00] [ INFO] +  0.0s 开始转换: 示例笔记.md
[20:15:01] [ INFO] +  0.8s 字形 63 个（缺字回退 0），行数 5
[20:15:02] [ INFO] +  1.7s 首遍渲染 1 页，阴影带 14 条
[20:15:03] [ INFO] +  2.7s 水印与页码盖印完成
[20:15:03] [ INFO] +  2.8s 已清理字形临时文件 63 个
[20:15:03] [ INFO] +  2.8s ✓ 示例笔记.md -> /home/zz/Desktop/ROS/class/handwrite-notes/手写版/示例笔记（手写版）.pdf
[20:15:03] [ INFO] +  2.8s 开始转换: 唐诗宋词选.md
[20:15:05] [ INFO] +  4.7s 字形 221 个（缺字回退 0），行数 15
[20:15:06] [ INFO] +  5.8s 首遍渲染 2 页，阴影带 15 条
[20:15:07] [ INFO] +  7.5s 水印与页码盖印完成
[20:15:07] [ INFO] +  7.5s 已清理字形临时文件 221 个
[20:15:07] [ INFO] +  7.5s ✓ 唐诗宋词选.md -> /home/zz/Desktop/ROS/class/handwrite-notes/手写版/唐诗宋词选（手写版）.pdf
[20:15:07] [ INFO] +  7.5s 开始转换: 英文名著节选.md
[20:15:11] [ INFO] + 10.8s 字形 276 个（缺字回退 0），行数 26
[20:15:12] [ INFO] + 12.1s 首遍渲染 2 页，阴影带 5 条
[20:15:14] [ INFO] + 14.2s 水印与页码盖印完成
[20:15:14] [ INFO] + 14.2s 已清理字形临时文件 276 个
[20:15:14] [ INFO] + 14.2s ✓ 英文名著节选.md -> /home/zz/Desktop/ROS/class/handwrite-notes/手写版/英文名著节选（手写版）.pdf
[20:15:14] [ INFO] + 14.2s 开始转换: 中文古文节选.md
[20:15:17] [ INFO] + 16.8s 字形 305 个（缺字回退 0），行数 18
[20:15:18] [ INFO] + 18.0s 首遍渲染 2 页，阴影带 14 条
[20:15:20] [ INFO] + 19.9s 水印与页码盖印完成
[20:15:20] [ INFO] + 19.9s 已清理字形临时文件 305 个
[20:15:20] [ INFO] + 19.9s ✓ 中文古文节选.md -> /home/zz/Desktop/ROS/class/handwrite-notes/手写版/中文古文节选（手写版）.pdf
[20:15:20] [ INFO] + 19.9s 开始转换: C++面向对象基础.md
[20:15:31] [ INFO] + 31.5s 字形 1413 个（缺字回退 0），行数 80
[20:15:35] [ INFO] + 34.7s 首遍渲染 5 页，阴影带 12 条
[20:15:40] [ INFO] + 40.2s 水印与页码盖印完成
[20:15:40] [ INFO] + 40.3s 已清理字形临时文件 1413 个
[20:15:40] [ INFO] + 40.3s ✓ C++面向对象基础.md -> /home/zz/Desktop/ROS/class/handwrite-notes/手写版/C++面向对象基础（手写版）.pdf
[20:15:40] [ INFO] + 40.3s === 结束: 成功 5/5，总耗时 40.3s ===
[20:15:40] === 完成 ===
[20:15:40] 输出 5 份 PDF:
[20:15:40]   手写版/示例笔记（手写版）.pdf
[20:15:40]   手写版/唐诗宋词选（手写版）.pdf
[20:15:40]   手写版/英文名著节选（手写版）.pdf
[20:15:40]   手写版/中文古文节选（手写版）.pdf
[20:15:40]   手写版/C++面向对象基础（手写版）.pdf
[20:15:40] 完整日志: logs/generate_20261003_201500.log
