[19:02:46] === 手写笔记生成开始（v2 管线）===
[19:02:47] 依赖检查通过（python3 / wkhtmltopdf / 全部 Python 模块）
[19:02:47] 水印: assets/cs_watermark.png
[19:02:47] 待转换 5 份: 笔记/示例笔记.md 笔记/唐诗宋词选.md 笔记/英文名著节选.md 笔记/中文古文节选.md 笔记/C++面向对象基础.md
[19:02:47] [ INFO] +  0.0s 开始转换: 示例笔记.md
[19:02:48] [ INFO] +  0.8s 字形 63 个（缺字回退 0），行数 5
[19:02:48] [ INFO] +  1.6s 首遍渲染 1 页，阴影带 14 条
[19:02:49] [ INFO] +  2.6s 水印与页码盖印完成
[19:02:49] [ INFO] +  2.6s ✓ 示例笔记.md -> /home/zz/Desktop/ROS/class/handwrite-notes/手写版/示例笔记（手写版）.pdf
[19:02:49] [ INFO] +  2.6s 开始转换: 唐诗宋词选.md
[19:02:51] [ INFO] +  4.7s 字形 221 个（缺字回退 0），行数 15
[19:02:53] [ INFO] +  5.9s 首遍渲染 2 页，阴影带 15 条
[19:02:54] [ INFO] +  7.7s 水印与页码盖印完成
[19:02:54] [ INFO] +  7.7s ✓ 唐诗宋词选.md -> /home/zz/Desktop/ROS/class/handwrite-notes/手写版/唐诗宋词选（手写版）.pdf
[19:02:54] [ INFO] +  7.7s 开始转换: 英文名著节选.md
[19:02:58] [ INFO] + 11.7s 字形 276 个（缺字回退 0），行数 31
[19:03:00] [ INFO] + 13.2s 首遍渲染 2 页，阴影带 5 条
[19:03:02] [ INFO] + 15.4s 水印与页码盖印完成
[19:03:02] [ INFO] + 15.4s ✓ 英文名著节选.md -> /home/zz/Desktop/ROS/class/handwrite-notes/手写版/英文名著节选（手写版）.pdf
[19:03:02] [ INFO] + 15.4s 开始转换: 中文古文节选.md
[19:03:05] [ INFO] + 18.1s 字形 305 个（缺字回退 0），行数 18
[19:03:06] [ INFO] + 19.4s 首遍渲染 2 页，阴影带 14 条
[19:03:08] [ INFO] + 21.4s 水印与页码盖印完成
[19:03:08] [ INFO] + 21.4s ✓ 中文古文节选.md -> /home/zz/Desktop/ROS/class/handwrite-notes/手写版/中文古文节选（手写版）.pdf
[19:03:08] [ INFO] + 21.4s 开始转换: C++面向对象基础.md
[19:03:21] [ INFO] + 34.1s 字形 1413 个（缺字回退 0），行数 86
[19:03:23] [ INFO] + 36.6s 首遍渲染 5 页，阴影带 12 条
[19:03:28] [ INFO] + 41.0s 水印与页码盖印完成
[19:03:28] [ INFO] + 41.0s ✓ C++面向对象基础.md -> /home/zz/Desktop/ROS/class/handwrite-notes/手写版/C++面向对象基础（手写版）.pdf
[19:03:28] [ INFO] + 41.0s === 结束: 成功 5/5，总耗时 41.0s ===
[19:03:28] === 完成 ===
[19:03:28] 输出 5 份 PDF:
[19:03:28]   手写版/示例笔记（手写版）.pdf
[19:03:28]   手写版/唐诗宋词选（手写版）.pdf
[19:03:28]   手写版/英文名著节选（手写版）.pdf
[19:03:28]   手写版/中文古文节选（手写版）.pdf
[19:03:28]   手写版/C++面向对象基础（手写版）.pdf
[19:03:28] 完整日志: logs/generate_20261003_190246.log
