[01:01:17] === 手写笔记生成开始（v2 管线）===
[01:01:18] 依赖检查通过（python3 / wkhtmltopdf / 全部 Python 模块）
[01:01:18] [警告] 配置的字体不存在: KaiXinJiuXiaoLinYuJiuZou-2.ttf（将回退到系统已装手写字体）
[01:01:18] 水印: assets/cs_watermark.png
[01:01:18] 待转换 6 份: 笔记/示例笔记.md 笔记/唐诗宋词选.md 笔记/通信简史.md 笔记/英文名著节选.md 笔记/中文古文节选.md 笔记/communication-history.md
[01:01:18] [ INFO] +  0.0s 开始转换: 示例笔记.md
[01:01:19] [ INFO] +  1.3s 字形 63 个（唯一图片 59），行 5，缺字跳过 0，涂改 1 处
[01:01:20] [ INFO] +  2.2s 首遍渲染 1 页
[01:01:21] [ INFO] +  3.3s 渲染 1 页，图像对象 132，背景条 4
[01:01:21] [ INFO] +  3.3s 水印与页码盖印完成
[01:01:21] [ INFO] +  3.3s 已清理字形临时文件 59 个
[01:01:21] [ INFO] +  3.3s ✓ 示例笔记.md -> /home/zz/Desktop/ROS/class/handwrite-notes/手写版/示例笔记（手写版）.pdf
[01:01:21] [ INFO] +  3.3s 开始转换: 唐诗宋词选.md
[01:01:23] [ INFO] +  5.6s 字形 221 个（唯一图片 186），行 15，缺字跳过 0，涂改 0 处
[01:01:24] [ INFO] +  6.5s 首遍渲染 2 页
[01:01:26] [ INFO] +  8.3s 渲染 2 页，图像对象 482，背景条 8
[01:01:26] [ INFO] +  8.5s 水印与页码盖印完成
[01:01:26] [ INFO] +  8.5s 已清理字形临时文件 186 个
[01:01:26] [ INFO] +  8.5s ✓ 唐诗宋词选.md -> /home/zz/Desktop/ROS/class/handwrite-notes/手写版/唐诗宋词选（手写版）.pdf
[01:01:26] [ INFO] +  8.5s 开始转换: 通信简史.md
[01:01:38] [ INFO] + 20.0s 字形 1740 个（唯一图片 953），行 85，缺字跳过 0，涂改 7 处
[01:01:40] [ INFO] + 22.5s 首遍渲染 4 页
[01:01:45] [ INFO] + 26.8s 渲染 4 页，图像对象 3590，背景条 16
[01:01:45] [ INFO] + 27.1s 水印与页码盖印完成
[01:01:45] [ INFO] + 27.2s 已清理字形临时文件 952 个
[01:01:45] [ INFO] + 27.2s ✓ 通信简史.md -> /home/zz/Desktop/ROS/class/handwrite-notes/手写版/通信简史（手写版）.pdf
[01:01:45] [ INFO] + 27.2s 开始转换: 英文名著节选.md
[01:01:49] [ INFO] + 31.1s 字形 276 个（唯一图片 196），行 26，缺字跳过 0，涂改 0 处
[01:01:50] [ INFO] + 32.3s 首遍渲染 2 页
[01:01:52] [ INFO] + 34.3s 渲染 2 页，图像对象 574，背景条 10
[01:01:52] [ INFO] + 34.3s 水印与页码盖印完成
[01:01:52] [ INFO] + 34.4s 已清理字形临时文件 196 个
[01:01:52] [ INFO] + 34.4s ✓ 英文名著节选.md -> /home/zz/Desktop/ROS/class/handwrite-notes/手写版/英文名著节选（手写版）.pdf
[01:01:52] [ INFO] + 34.4s 开始转换: 中文古文节选.md
[01:01:55] [ INFO] + 37.5s 字形 305 个（唯一图片 248），行 18，缺字跳过 0，涂改 0 处
[01:01:56] [ INFO] + 38.7s 首遍渲染 1 页
[01:01:58] [ INFO] + 40.2s 渲染 1 页，图像对象 614，背景条 4
[01:01:58] [ INFO] + 40.2s 水印与页码盖印完成
[01:01:58] [ INFO] + 40.2s 已清理字形临时文件 248 个
[01:01:58] [ INFO] + 40.2s ✓ 中文古文节选.md -> /home/zz/Desktop/ROS/class/handwrite-notes/手写版/中文古文节选（手写版）.pdf
[01:01:58] [ INFO] + 40.2s 开始转换: communication-history.md
[01:02:12] [ INFO] + 53.7s 字形 815 个（唯一图片 559），行 83，缺字跳过 0，涂改 0 处
[01:02:14] [ INFO] + 56.3s 首遍渲染 4 页
[01:02:19] [ INFO] + 60.7s 渲染 4 页，图像对象 1674，背景条 24
[01:02:19] [ INFO] + 61.1s 水印与页码盖印完成
[01:02:19] [ INFO] + 61.1s 已清理字形临时文件 559 个
[01:02:19] [ INFO] + 61.1s ✓ communication-history.md -> /home/zz/Desktop/ROS/class/handwrite-notes/手写版/communication-history（手写版）.pdf
[01:02:19] [ INFO] + 61.1s === 结束: 成功 6/6，总耗时 61.1s ===
[01:02:19] === 完成 ===
[01:02:19] 输出 6 份 PDF:
[01:02:19]   手写版/示例笔记（手写版）.pdf
[01:02:19]   手写版/唐诗宋词选（手写版）.pdf
[01:02:19]   手写版/通信简史（手写版）.pdf
[01:02:19]   手写版/英文名著节选（手写版）.pdf
[01:02:19]   手写版/中文古文节选（手写版）.pdf
[01:02:19]   手写版/communication-history（手写版）.pdf
[01:02:19] 完整日志: logs/generate_20261004_010117.log
