[20:15:55] === 手写笔记生成开始（v2 管线）===
[20:15:56] 依赖检查通过（python3 / wkhtmltopdf / 全部 Python 模块）
[20:15:56] 水印: assets/cs_watermark.png
[20:15:56] 待转换 5 份: 笔记/示例笔记.md 笔记/唐诗宋词选.md 笔记/英文名著节选.md 笔记/中文古文节选.md 笔记/C++面向对象基础.md
[20:15:56] [ INFO] +  0.0s 开始转换: 示例笔记.md
[20:15:56] [ INFO] +  0.8s 字形 63 个（缺字回退 0），行数 5
[20:15:57] [ INFO] +  1.7s 首遍渲染 1 页，阴影带 14 条
[20:15:58] [ INFO] +  2.7s 水印与页码盖印完成
[20:15:58] [ INFO] +  2.7s 已清理字形临时文件 63 个
[20:15:58] [ INFO] +  2.7s ✓ 示例笔记.md -> /home/zz/Desktop/ROS/class/handwrite-notes/手写版/示例笔记（手写版）.pdf
[20:15:58] [ INFO] +  2.7s 开始转换: 唐诗宋词选.md
[20:16:00] [ INFO] +  4.7s 字形 221 个（缺字回退 0），行数 15
[20:16:02] [ INFO] +  5.8s 首遍渲染 2 页，阴影带 15 条
[20:16:03] [ INFO] +  7.7s 水印与页码盖印完成
[20:16:03] [ INFO] +  7.7s 已清理字形临时文件 221 个
[20:16:03] [ INFO] +  7.7s ✓ 唐诗宋词选.md -> /home/zz/Desktop/ROS/class/handwrite-notes/手写版/唐诗宋词选（手写版）.pdf
[20:16:03] [ INFO] +  7.7s 开始转换: 英文名著节选.md
[20:16:07] [ INFO] + 11.2s 字形 276 个（缺字回退 0），行数 26
[20:16:08] [ INFO] + 12.5s 首遍渲染 2 页，阴影带 5 条
[20:16:10] [ INFO] + 14.4s 水印与页码盖印完成
[20:16:10] [ INFO] + 14.4s 已清理字形临时文件 276 个
[20:16:10] [ INFO] + 14.4s ✓ 英文名著节选.md -> /home/zz/Desktop/ROS/class/handwrite-notes/手写版/英文名著节选（手写版）.pdf
[20:16:10] [ INFO] + 14.4s 开始转换: 中文古文节选.md
[20:16:13] [ INFO] + 16.9s 字形 305 个（缺字回退 0），行数 18
[20:16:14] [ INFO] + 18.2s 首遍渲染 2 页，阴影带 14 条
[20:16:16] [ INFO] + 20.2s 水印与页码盖印完成
[20:16:16] [ INFO] + 20.2s 已清理字形临时文件 305 个
[20:16:16] [ INFO] + 20.2s ✓ 中文古文节选.md -> /home/zz/Desktop/ROS/class/handwrite-notes/手写版/中文古文节选（手写版）.pdf
[20:16:16] [ INFO] + 20.2s 开始转换: C++面向对象基础.md
[20:16:27] [ INFO] + 31.4s 字形 1413 个（缺字回退 0），行数 80
[20:16:29] [ INFO] + 33.8s 首遍渲染 5 页，阴影带 12 条
[20:16:33] [ INFO] + 37.7s 水印与页码盖印完成
[20:16:33] [ INFO] + 37.7s 已清理字形临时文件 1413 个
[20:16:33] [ INFO] + 37.7s ✓ C++面向对象基础.md -> /home/zz/Desktop/ROS/class/handwrite-notes/手写版/C++面向对象基础（手写版）.pdf
[20:16:33] [ INFO] + 37.7s === 结束: 成功 5/5，总耗时 37.7s ===
[20:16:33] === 完成 ===
[20:16:34] 输出 5 份 PDF:
[20:16:34]   手写版/示例笔记（手写版）.pdf
[20:16:34]   手写版/唐诗宋词选（手写版）.pdf
[20:16:34]   手写版/英文名著节选（手写版）.pdf
[20:16:34]   手写版/中文古文节选（手写版）.pdf
[20:16:34]   手写版/C++面向对象基础（手写版）.pdf
[20:16:34] 完整日志: logs/generate_20261003_201555.log
