[01:04:54] === 手写笔记生成开始（v2 管线）===
[01:04:54] 依赖检查通过（python3 / wkhtmltopdf / 全部 Python 模块）
[01:04:54] [警告] 配置的字体不存在: KaiXinJiuXiaoLinYuJiuZou-2.ttf（将回退到系统已装手写字体）
[01:04:54] 水印: assets/cs_watermark.png
[01:04:54] 待转换 6 份: 笔记/示例笔记.md 笔记/唐诗宋词选.md 笔记/通信简史.md 笔记/英文名著节选.md 笔记/中文古文节选.md 笔记/communication-history.md
[01:04:54] [ INFO] +  0.0s 开始转换: 示例笔记.md
[01:04:55] [ INFO] +  1.2s 字形 63 个（唯一图片 59），行 5，缺字跳过 0，涂改 1 处
[01:04:56] [ INFO] +  2.0s 首遍渲染 1 页
[01:04:57] [ INFO] +  3.1s 渲染 1 页，图像对象 132，背景条 4
[01:04:57] [ INFO] +  3.2s 水印与页码盖印完成
[01:04:57] [ INFO] +  3.2s 已清理字形临时文件 59 个
[01:04:57] [ INFO] +  3.2s ✓ 示例笔记.md -> /home/zz/Desktop/ROS/class/handwrite-notes/手写版/示例笔记（手写版）.pdf
[01:04:57] [ INFO] +  3.2s 开始转换: 唐诗宋词选.md
[01:05:00] [ INFO] +  5.4s 字形 221 个（唯一图片 186），行 15，缺字跳过 0，涂改 0 处
[01:05:00] [ INFO] +  6.4s 首遍渲染 2 页
[01:05:02] [ INFO] +  8.2s 渲染 2 页，图像对象 482，背景条 8
[01:05:02] [ INFO] +  8.3s 水印与页码盖印完成
[01:05:02] [ INFO] +  8.3s 已清理字形临时文件 186 个
[01:05:02] [ INFO] +  8.3s ✓ 唐诗宋词选.md -> /home/zz/Desktop/ROS/class/handwrite-notes/手写版/唐诗宋词选（手写版）.pdf
[01:05:02] [ INFO] +  8.3s 开始转换: 通信简史.md
[01:05:14] [ INFO] + 19.6s 字形 1740 个（唯一图片 953），行 85，缺字跳过 0，涂改 7 处
[01:05:16] [ INFO] + 22.1s 首遍渲染 4 页
[01:05:20] [ INFO] + 26.3s 渲染 4 页，图像对象 3590，背景条 16
[01:05:21] [ INFO] + 26.7s 水印与页码盖印完成
[01:05:21] [ INFO] + 26.7s 已清理字形临时文件 952 个
[01:05:21] [ INFO] + 26.7s ✓ 通信简史.md -> /home/zz/Desktop/ROS/class/handwrite-notes/手写版/通信简史（手写版）.pdf
[01:05:21] [ INFO] + 26.7s 开始转换: 英文名著节选.md
[01:05:25] [ INFO] + 30.7s 字形 276 个（唯一图片 196），行 26，缺字跳过 0，涂改 0 处
[01:05:26] [ INFO] + 32.0s 首遍渲染 2 页
[01:05:28] [ INFO] + 34.0s 渲染 2 页，图像对象 574，背景条 10
[01:05:28] [ INFO] + 34.1s 水印与页码盖印完成
[01:05:28] [ INFO] + 34.1s 已清理字形临时文件 196 个
[01:05:28] [ INFO] + 34.1s ✓ 英文名著节选.md -> /home/zz/Desktop/ROS/class/handwrite-notes/手写版/英文名著节选（手写版）.pdf
[01:05:28] [ INFO] + 34.1s 开始转换: 中文古文节选.md
[01:05:31] [ INFO] + 37.0s 字形 305 个（唯一图片 248），行 18，缺字跳过 0，涂改 0 处
[01:05:32] [ INFO] + 38.0s 首遍渲染 1 页
[01:05:34] [ INFO] + 39.5s 渲染 1 页，图像对象 614，背景条 4
[01:05:34] [ INFO] + 39.6s 水印与页码盖印完成
[01:05:34] [ INFO] + 39.6s 已清理字形临时文件 248 个
[01:05:34] [ INFO] + 39.6s ✓ 中文古文节选.md -> /home/zz/Desktop/ROS/class/handwrite-notes/手写版/中文古文节选（手写版）.pdf
[01:05:34] [ INFO] + 39.6s 开始转换: communication-history.md
[01:05:46] [ INFO] + 52.4s 字形 815 个（唯一图片 559），行 83，缺字跳过 0，涂改 0 处
[01:05:49] [ INFO] + 55.0s 首遍渲染 4 页
[01:05:53] [ INFO] + 59.4s 渲染 4 页，图像对象 1674，背景条 24
[01:05:54] [ INFO] + 59.7s 水印与页码盖印完成
[01:05:54] [ INFO] + 59.8s 已清理字形临时文件 559 个
[01:05:54] [ INFO] + 59.8s ✓ communication-history.md -> /home/zz/Desktop/ROS/class/handwrite-notes/手写版/communication-history（手写版）.pdf
[01:05:54] [ INFO] + 59.8s === 结束: 成功 6/6，总耗时 59.8s ===
[01:05:54] === 完成 ===
[01:05:54] 输出 6 份 PDF:
[01:05:54]   手写版/示例笔记（手写版）.pdf
[01:05:54]   手写版/唐诗宋词选（手写版）.pdf
[01:05:54]   手写版/通信简史（手写版）.pdf
[01:05:54]   手写版/英文名著节选（手写版）.pdf
[01:05:54]   手写版/中文古文节选（手写版）.pdf
[01:05:54]   手写版/communication-history（手写版）.pdf
[01:05:54] 完整日志: logs/generate_20261004_010454.log
