[18:59:59] === 手写笔记生成开始（v2 管线）===
[18:59:59] 依赖检查通过（python3 / wkhtmltopdf / 全部 Python 模块）
[18:59:59] 水印: assets/cs_watermark.png
[18:59:59] 待转换 5 份: 笔记/示例笔记.md 笔记/唐诗宋词选.md 笔记/英文名著节选.md 笔记/中文古文节选.md 笔记/C++面向对象基础.md
[18:59:59] [ INFO] +  0.0s 开始转换: 示例笔记.md
[19:00:00] [ INFO] +  0.8s 字形 63 个（缺字回退 0），行数 5
[19:00:01] [ INFO] +  1.6s 首遍渲染 1 页，阴影带 14 条
[19:00:02] [ INFO] +  2.9s 水印与页码盖印完成
[19:00:02] [ INFO] +  2.9s ✓ 示例笔记.md -> /home/zz/Desktop/ROS/class/handwrite-notes/手写版/示例笔记（手写版）.pdf
[19:00:02] [ INFO] +  2.9s 开始转换: 唐诗宋词选.md
[19:00:04] [ INFO] +  4.9s 字形 221 个（缺字回退 0），行数 15
[19:00:05] [ INFO] +  5.9s 首遍渲染 2 页，阴影带 15 条
[19:00:07] [ INFO] +  7.7s 水印与页码盖印完成
[19:00:07] [ INFO] +  7.7s ✓ 唐诗宋词选.md -> /home/zz/Desktop/ROS/class/handwrite-notes/手写版/唐诗宋词选（手写版）.pdf
[19:00:07] [ INFO] +  7.7s 开始转换: 英文名著节选.md
[19:00:10] [ INFO] + 11.0s 字形 276 个（缺字回退 0），行数 26
[19:00:12] [ INFO] + 12.5s 首遍渲染 2 页，阴影带 5 条
[19:00:14] [ INFO] + 14.7s 水印与页码盖印完成
[19:00:14] [ INFO] + 14.7s ✓ 英文名著节选.md -> /home/zz/Desktop/ROS/class/handwrite-notes/手写版/英文名著节选（手写版）.pdf
[19:00:14] [ INFO] + 14.7s 开始转换: 中文古文节选.md
[19:00:17] [ INFO] + 17.3s 字形 305 个（缺字回退 0），行数 18
[19:00:18] [ INFO] + 18.6s 首遍渲染 2 页，阴影带 14 条
[19:00:20] [ INFO] + 20.4s 水印与页码盖印完成
[19:00:20] [ INFO] + 20.4s ✓ 中文古文节选.md -> /home/zz/Desktop/ROS/class/handwrite-notes/手写版/中文古文节选（手写版）.pdf
[19:00:20] [ INFO] + 20.4s 开始转换: C++面向对象基础.md
[19:00:32] [ INFO] + 32.5s 字形 1413 个（缺字回退 0），行数 80
[19:00:36] [ INFO] + 36.3s 首遍渲染 5 页，阴影带 12 条
[19:00:40] [ INFO] + 40.5s 水印与页码盖印完成
[19:00:40] [ INFO] + 40.5s ✓ C++面向对象基础.md -> /home/zz/Desktop/ROS/class/handwrite-notes/手写版/C++面向对象基础（手写版）.pdf
[19:00:40] [ INFO] + 40.5s === 结束: 成功 5/5，总耗时 40.5s ===
[19:00:40] === 完成 ===
[19:00:40] 输出 5 份 PDF:
[19:00:40]   手写版/示例笔记（手写版）.pdf
[19:00:40]   手写版/唐诗宋词选（手写版）.pdf
[19:00:40]   手写版/英文名著节选（手写版）.pdf
[19:00:40]   手写版/中文古文节选（手写版）.pdf
[19:00:40]   手写版/C++面向对象基础（手写版）.pdf
[19:00:40] 完整日志: logs/generate_20261003_185959.log
