[00:24:00] === 手写笔记生成开始（v2 管线）===
[00:24:00] 依赖检查通过（python3 / wkhtmltopdf / 全部 Python 模块）
[00:24:00] [警告] 配置的字体不存在: KaiXinJiuXiaoLinYuJiuZou-2.ttf（将回退到系统已装手写字体）
[00:24:00] 水印: assets/cs_watermark.png
[00:24:00] 待转换 6 份: 笔记/示例笔记.md 笔记/唐诗宋词选.md 笔记/通信简史.md 笔记/英文名著节选.md 笔记/中文古文节选.md 笔记/communication-history.md
[00:24:00] [ INFO] +  0.0s 开始转换: 示例笔记.md
[00:24:01] [ INFO] +  0.8s 字形 63 个（唯一图片 59），行 5，缺字跳过 0，涂改 1 处
[00:24:01] [ INFO] +  1.6s 首遍渲染 1 页
[00:24:02] [ INFO] +  2.6s 渲染 1 页，图像对象 132，背景条 4
[00:24:03] [ INFO] +  2.6s 水印与页码盖印完成
[00:24:03] [ INFO] +  2.6s 已清理字形临时文件 45 个
[00:24:03] [ INFO] +  2.6s ✓ 示例笔记.md -> /home/zz/Desktop/ROS/class/handwrite-notes/手写版/示例笔记（手写版）.pdf
[00:24:03] [ INFO] +  2.6s 开始转换: 唐诗宋词选.md
[00:24:04] [ INFO] +  4.5s 字形 221 个（唯一图片 185），行 15，缺字跳过 0，涂改 0 处
[00:24:05] [ INFO] +  5.5s 首遍渲染 2 页
[00:24:07] [ INFO] +  7.4s 渲染 2 页，图像对象 450，背景条 8
[00:24:07] [ INFO] +  7.4s 水印与页码盖印完成
[00:24:07] [ INFO] +  7.5s 已清理字形临时文件 141 个
[00:24:07] [ INFO] +  7.5s ✓ 唐诗宋词选.md -> /home/zz/Desktop/ROS/class/handwrite-notes/手写版/唐诗宋词选（手写版）.pdf
[00:24:07] [ INFO] +  7.5s 开始转换: 通信简史.md
[00:24:15] [ INFO] + 15.2s 字形 1740 个（唯一图片 950），行 87，缺字跳过 0，涂改 7 处
[00:24:18] [ INFO] + 17.7s 首遍渲染 4 页
[00:24:22] [ INFO] + 22.2s 渲染 4 页，图像对象 3578，背景条 16
[00:24:22] [ INFO] + 22.6s 水印与页码盖印完成
[00:24:22] [ INFO] + 22.6s 已清理字形临时文件 655 个
[00:24:22] [ INFO] + 22.6s ✓ 通信简史.md -> /home/zz/Desktop/ROS/class/handwrite-notes/手写版/通信简史（手写版）.pdf
[00:24:22] [ INFO] + 22.6s 开始转换: 英文名著节选.md
[00:24:25] [ INFO] + 25.6s 字形 276 个（唯一图片 197），行 26，缺字跳过 0，涂改 0 处
[00:24:27] [ INFO] + 26.9s 首遍渲染 2 页
[00:24:29] [ INFO] + 28.9s 渲染 2 页，图像对象 574，背景条 10
[00:24:29] [ INFO] + 29.0s 水印与页码盖印完成
[00:24:29] [ INFO] + 29.0s 已清理字形临时文件 171 个
[00:24:29] [ INFO] + 29.0s ✓ 英文名著节选.md -> /home/zz/Desktop/ROS/class/handwrite-notes/手写版/英文名著节选（手写版）.pdf
[00:24:29] [ INFO] + 29.0s 开始转换: 中文古文节选.md
[00:24:31] [ INFO] + 31.4s 字形 305 个（唯一图片 249），行 18，缺字跳过 0，涂改 0 处
[00:24:32] [ INFO] + 32.6s 首遍渲染 1 页
[00:24:34] [ INFO] + 34.1s 渲染 1 页，图像对象 614，背景条 4
[00:24:34] [ INFO] + 34.2s 水印与页码盖印完成
[00:24:34] [ INFO] + 34.2s 已清理字形临时文件 202 个
[00:24:34] [ INFO] + 34.2s ✓ 中文古文节选.md -> /home/zz/Desktop/ROS/class/handwrite-notes/手写版/中文古文节选（手写版）.pdf
[00:24:34] [ INFO] + 34.2s 开始转换: communication-history.md
[00:24:42] [ INFO] + 42.2s 字形 815 个（唯一图片 564），行 83，缺字跳过 0，涂改 0 处
[00:24:45] [ INFO] + 44.8s 首遍渲染 4 页
[00:24:49] [ INFO] + 49.3s 渲染 4 页，图像对象 1672，背景条 24
[00:24:50] [ INFO] + 49.6s 水印与页码盖印完成
[00:24:50] [ INFO] + 49.6s 已清理字形临时文件 422 个
[00:24:50] [ INFO] + 49.6s ✓ communication-history.md -> /home/zz/Desktop/ROS/class/handwrite-notes/手写版/communication-history（手写版）.pdf
[00:24:50] [ INFO] + 49.6s === 结束: 成功 6/6，总耗时 49.6s ===
[00:24:50] === 完成 ===
[00:24:50] 输出 6 份 PDF:
[00:24:50]   手写版/示例笔记（手写版）.pdf
[00:24:50]   手写版/唐诗宋词选（手写版）.pdf
[00:24:50]   手写版/通信简史（手写版）.pdf
[00:24:50]   手写版/英文名著节选（手写版）.pdf
[00:24:50]   手写版/中文古文节选（手写版）.pdf
[00:24:50]   手写版/communication-history（手写版）.pdf
[00:24:50] 完整日志: logs/generate_20261004_002400.log
